// Jest Snapshot v1, https://goo.gl/fbAQLP

exports[`render alert component support closeIcon 1`] = `
<div>
  <div
    class="alert alert-warn zoom-in-top-appear zoom-in-top-appear-active"
  >
    <div
      class="alert-content"
    >
      <div
        class="alert-content-message"
      >
        Warning Text Warning Text Warning TextW arning Text Warning Text Warning TextWarning Text
      </div>
      <div
        class="alert-description"
      />
    </div>
    <div
      class="alert-close-icon"
    >
      <svg
        aria-hidden="true"
        class="svg-inline--fa fa-xmark crayfish-icon icon-primary"
        data-icon="xmark"
        data-prefix="fas"
        focusable="false"
        role="img"
        viewBox="0 0 320 512"
        xmlns="http://www.w3.org/2000/svg"
      >
        <path
          d="M310.6 150.6c12.5-12.5 12.5-32.8 0-45.3s-32.8-12.5-45.3 0L160 210.7 54.6 105.4c-12.5-12.5-32.8-12.5-45.3 0s-12.5 32.8 0 45.3L114.7 256 9.4 361.4c-12.5 12.5-12.5 32.8 0 45.3s32.8 12.5 45.3 0L160 301.3 265.4 406.6c12.5 12.5 32.8 12.5 45.3 0s12.5-32.8 0-45.3L205.3 256 310.6 150.6z"
          fill="currentColor"
        />
      </svg>
    </div>
  </div>
</div>
`;
